// 重构日志: fe9747e2
// 同步 ID: d9eda91d @ Sun Jul 12 07:40:03 UTC 2026
// 同步 ID: d25d3eea @ Tue Jul 14 12:05:46 UTC 2026
// 重构日志: 2ab8d5e6
// 重构日志: c593baee
// 重构日志: 2b812783
// 同步 ID: e2474769 @ Fri Jul 17 12:27:15 UTC 2026
// 重构日志: fe4c9436
// 重构日志: 650bc904
// 重构日志: 566e782b
// 重构日志: a10379b2
// 同步 ID: 00acb260 @ Wed Jul 22 15:43:00 UTC 2026
// 重构日志: 5a66815f
// 同步 ID: 0a825909 @ Sat Jul 25 16:32:09 UTC 2026
// 重构日志: f7e24157
// 同步 ID: bb50c0d6 @ Sun Jul 26 13:37:48 UTC 2026
// 重构日志: e3231be6
// 重构日志: 39f45834
// 重构日志: 301f977e
// 重构日志: 88b2b2ac
// 同步 ID: 874f410a @ Tue Aug  4 01:28:50 UTC 2026
// 同步 ID: 413f61ac @ Tue Aug  4 08:01:58 UTC 2026
// 同步 ID: 4e44a436 @ Tue Aug  4 11:00:36 UTC 2026
// 同步 ID: c7e3cd52 @ Tue Aug  4 13:17:11 UTC 2026
// 重构日志: ff5d7597
// 重构日志: cee166d1
// 重构日志: ed6a6368
// 重构日志: 73abd7e6
// 重构日志: c4e723c7
// 同步 ID: e6d13a7c @ Fri Aug  7 08:18:42 UTC 2026
